at 0
at 100
at 200
at 300
396
stopping at 300
301
skipping 0
skipping 1
skipping 2
skipping 3
skipping 4
skipping 5
skipping 6
skipping 7
skipping 8
skipping 9
skipping 10
skipping 11
skipping 12
skipping 13
skipping 14
skipping 15
skipping 16
skipping 17
skipping 18
skipping 19
skipping 20
skipping 21
skipping 22
skipping 23
skipping 24
skipping 25
skipping 26
skipping 27
skipping 28
skipping 29
skipping 30
skipping 31
skipping 32
skipping 33
skipping 34
skipping 35
skipping 36
skipping 37
skipping 38
skipping 39
skipping 40
skipping 41
skipping 42
skipping 43
skipping 44
skipping 45
skipping 46
skipping 47
skipping 48
skipping 49
skipping 50
skipping 51
skipping 52
skipping 53
skipping 54
skipping 55
skipping 56
skipping 57
skipping 58
skipping 59
skipping 60
skipping 61
skipping 62
skipping 63
skipping 64
skipping 65
skipping 66
skipping 67
skipping 68
skipping 69
skipping 70
skipping 71
skipping 72
skipping 73
skipping 74
skipping 75
skipping 76
skipping 77
skipping 78
skipping 79
skipping 80
skipping 81
skipping 82
skipping 83
skipping 84
skipping 85
skipping 86
skipping 87
skipping 88
skipping 89
skipping 90
skipping 91
skipping 92
skipping 93
skipping 94
skipping 95
skipping 96
skipping 97
skipping 98
skipping 99
skipping 100
skipping 101
skipping 102
skipping 103
skipping 104
skipping 105
skipping 106
skipping 107
skipping 108
skipping 109
skipping 110
skipping 111
skipping 112
skipping 113
skipping 114
skipping 115
skipping 116
skipping 117
skipping 118
skipping 119
skipping 120
skipping 121
skipping 122
skipping 123
skipping 124
skipping 125
skipping 126
skipping 127
skipping 128
skipping 129
skipping 130
skipping 131
skipping 132
skipping 133
skipping 134
skipping 135
skipping 136
skipping 137
skipping 138
skipping 139
skipping 140
skipping 141
skipping 142
skipping 143
skipping 144
skipping 145
skipping 146
skipping 147
skipping 148
skipping 149
skipping 150
skipping 151
skipping 152
skipping 153
skipping 154
skipping 155
skipping 156
skipping 157
skipping 158
skipping 159
skipping 160
skipping 161
skipping 162
skipping 163
skipping 164
skipping 165
skipping 166
skipping 167
skipping 168
skipping 169
skipping 170
skipping 171
skipping 172
skipping 173
skipping 174
skipping 175
skipping 176
skipping 177
skipping 178
skipping 179
skipping 180
skipping 181
skipping 182
skipping 183
skipping 184
skipping 185
skipping 186
skipping 187
skipping 188
skipping 189
skipping 190
skipping 191
skipping 192
skipping 193
skipping 194
skipping 195
skipping 196
skipping 197
skipping 198
skipping 199
400
giving up at 141
-1
45
