4 [ 3, 1, 2, 4 ]
4 [ 3, 1, 2 ]
3 [ 1, 2 ]
3 [ 0, 1, 2 ]
[ 2, 1, 0 ]
[ 1, 0, 0, 4 ]
[ 2, 3 ] [ 2, 3 ] [ 1, 2, 3 ]
[ 1, 2, 3, 4, 5, 6 ]
1,2,3 1-2-3 123
1 -1 2
true false
1---2
 undefined undefined
[ 1, 10, 9 ]
[ 1, 9, 10 ]
[ 'apple', 'pear' ]
[ 2, 4, 6 ]
[ 2, 4 ]
10
6
2
1
true
true
false
[ 11, 11 ]
[ [ 2, 3 ], [ 4, 5 ] ]
6
done
